// Jest Snapshot v1, https://goo.gl/fbAQLP

exports[`query - signInUsers 1`] = `
Object {
  "signInUsers": Array [
    Object {
      "email": "jenny@email.com",
      "id": "cuid4",
      "isSignIn": true,
      "password": "123456",
    },
  ],
}
`;

exports[`query - users 1`] = `
Object {
  "users": Array [
    Object {
      "email": "jerry@email.com",
      "id": "cuid1",
      "isSignIn": false,
      "password": "123456",
    },
    Object {
      "email": "dean@email.com",
      "id": "cuid2",
      "isSignIn": false,
      "password": "123456",
    },
    Object {
      "email": "daniel@email.com",
      "id": "cuid3",
      "isSignIn": false,
      "password": "123456",
    },
    Object {
      "email": "jenny@email.com",
      "id": "cuid4",
      "isSignIn": false,
      "password": "123456",
    },
  ],
}
`;
